nohup: ignoring input
/home/manas/miniforge3/envs/resloco/lib/python3.12/site-packages/gymnasium/spaces/box.py:236: UserWarning: [33mWARN: Box low's precision lowered by casting to float32, current low.dtype=float64[0m
  gym.logger.warn(
/home/manas/miniforge3/envs/resloco/lib/python3.12/site-packages/gymnasium/spaces/box.py:306: UserWarning: [33mWARN: Box high's precision lowered by casting to float32, current high.dtype=float64[0m
  gym.logger.warn(
2026-08-12 23:08:47,063 MainThread INFO: Experiment Name:ablation_baseline
2026-08-12 23:08:47,063 MainThread INFO: {
  "env_name": "UnitreeMujocoGymEnv",
  "env": {
    "reward_scale": 1,
    "obs_norm": true,
    "horizon": 1000,
    "env_build": {
      "scene_path": "robot/go2/scene_rough.xml",
      "get_image": true,
      "Kp": 40.0,
      "Kd": 0.5,
      "num_action_repeat": 10,
      "sim_dt": 0.001,
      "target_vel": 0.3,
      "alive_reward": 0.0,
      "fall_reward": -5.0,
      "max_episode_steps": 1000,
      "depth_norm": true,
      "enable_rendering": false,
      "target_angular_vel": 0.0,
      "vel_tracking_weight": 5.0,
      "vel_sigma": 0.25,
      "angular_vel_weight": 0.2,
      "angular_vel_sigma": 0.25,
      "torque_weight": 0.0005,
      "action_rate_weight": 0.001,
      "orientation_weight": 2.0,
      "height_weight": 30.0,
      "target_height": 0.29,
      "lat_yaw_weight": 0.3,
      "z_vel_weight": 0.5,
      "ang_vel_xy_weight": 0.1,
      "feet_air_time_weight": 2.0,
      "feet_air_time_target": 0.1,
      "foot_slip_weight": 0.5,
      "foot_clearance_weight": 1.0,
      "foot_clearance_target": 0.04,
      "pitch_rate_weight": 0.5,
      "flat_orientation_weight": 0.5,
      "gait_freq": 2.0,
      "gait_duty_factor": 0.5,
      "gait_phase_weight": 1.5,
      "symmetry_weight": 0.2,
      "use_torque": true,
      "use_action_rate": true,
      "use_orientation": true,
      "use_height": true,
      "use_lat_yaw": true,
      "use_z_vel": true,
      "use_ang_vel_xy": true,
      "use_feet_air_time": true,
      "use_foot_slip": true,
      "use_foot_clearance": true,
      "use_pitch_rate": true,
      "use_flat_orientation": true,
      "use_gait_phase": true,
      "use_symmetry": true,
      "use_feet_gait": true
    }
  },
  "replay_buffer": {
    "size": 16384,
    "time_limit_filter": true
  },
  "policy": {},
  "encoder": {
    "hidden_shapes": [
      256,
      256
    ],
    "token_dim": 64,
    "two_by_two": false
  },
  "net": {
    "transformer_params": [
      [
        4,
        128
      ],
      [
        4,
        128
      ]
    ],
    "append_hidden_shapes": [
      256,
      256
    ],
    "attn_res_heads": 4,
    "token_norm": true,
    "max_pool": false
  },
  "collector": {
    "epoch_frames": 16384,
    "max_episode_frames": 999,
    "eval_episodes": 1
  },
  "general_setting": {
    "discount": 0.99,
    "num_epochs": 500,
    "batch_size": 4096,
    "gae": true,
    "save_interval": 50,
    "eval_interval": 10
  },
  "ppo": {
    "plr": 0.0003,
    "vlr": 0.0003,
    "clip_para": 0.2,
    "opt_epochs": 10,
    "tau": 0.95,
    "shuffle": true,
    "entropy_coeff": 0.005
  }
}
/home/manas/miniforge3/envs/resloco/lib/python3.12/site-packages/numpy/_core/fromnumeric.py:3824: RuntimeWarning: Mean of empty slice
  return _methods._mean(a, axis=axis, dtype=dtype,
/home/manas/miniforge3/envs/resloco/lib/python3.12/site-packages/numpy/_core/_methods.py:142: RuntimeWarning: invalid value encountered in scalar divide
  ret = ret.dtype.type(ret / rcount)
GaussianContPolicyLocoAttnResTransformer(
  (encoder): LocoTransformerEncoder(
    (depth_visual_base): NatureEncoder(
      (layers): Sequential(
        (0): Conv2d(4, 32, kernel_size=(8, 8), stride=(4, 4))
        (1): ReLU()
        (2): Conv2d(32, 64, kernel_size=(4, 4), stride=(2, 2))
        (3): ReLU()
        (4): Conv2d(64, 64, kernel_size=(3, 3), stride=(1, 1))
        (5): ReLU()
      )
    )
    (depth_up_conv): Conv2d(64, 64, kernel_size=(1, 1), stride=(1, 1))
    (base): MLPBase(
      (seq_fcs): Sequential(
        (0): Linear(in_features=86, out_features=256, bias=True)
        (1): ReLU()
        (2): Linear(in_features=256, out_features=256, bias=True)
        (3): ReLU()
      )
    )
    (state_projector): RLProjection(
      (projection): Sequential(
        (0): Linear(in_features=256, out_features=64, bias=True)
        (1): ReLU()
      )
    )
    (flatten_layer): Flatten()
  )
  (token_ln): LayerNorm((64,), eps=1e-05, elementwise_affine=True)
  (attn_res_layers): ModuleList(
    (0-1): 2 x ModuleList(
      (0): SelfAttentionSubLayer(
        (norm): LayerNorm((64,), eps=1e-05, elementwise_affine=True)
        (attn): MultiheadAttention(
          (out_proj): NonDynamicallyQuantizableLinear(in_features=64, out_features=64, bias=True)
        )
      )
      (1): FFNSubLayer(
        (norm): LayerNorm((64,), eps=1e-05, elementwise_affine=True)
        (linear1): Linear(in_features=64, out_features=128, bias=True)
        (linear2): Linear(in_features=128, out_features=64, bias=True)
        (activation): ReLU()
        (dropout): Dropout(p=0.0, inplace=False)
      )
      (2-3): 2 x AttnResLayer(
        (q_proj): Linear(in_features=64, out_features=64, bias=True)
        (k_proj): Linear(in_features=64, out_features=64, bias=True)
        (v_proj): Linear(in_features=64, out_features=64, bias=True)
        (out_proj): Linear(in_features=64, out_features=64, bias=True)
      )
    )
  )
  (visual_seq_append_fcs): Sequential(
    (0): Linear(in_features=128, out_features=256, bias=True)
    (1): ReLU()
    (2): Linear(in_features=256, out_features=256, bias=True)
    (3): ReLU()
    (4): Linear(in_features=256, out_features=12, bias=True)
  )
)
LocoAttnResTransformer(
  (encoder): LocoTransformerEncoder(
    (depth_visual_base): NatureEncoder(
      (layers): Sequential(
        (0): Conv2d(4, 32, kernel_size=(8, 8), stride=(4, 4))
        (1): ReLU()
        (2): Conv2d(32, 64, kernel_size=(4, 4), stride=(2, 2))
        (3): ReLU()
        (4): Conv2d(64, 64, kernel_size=(3, 3), stride=(1, 1))
        (5): ReLU()
      )
    )
    (depth_up_conv): Conv2d(64, 64, kernel_size=(1, 1), stride=(1, 1))
    (base): MLPBase(
      (seq_fcs): Sequential(
        (0): Linear(in_features=86, out_features=256, bias=True)
        (1): ReLU()
        (2): Linear(in_features=256, out_features=256, bias=True)
        (3): ReLU()
      )
    )
    (state_projector): RLProjection(
      (projection): Sequential(
        (0): Linear(in_features=256, out_features=64, bias=True)
        (1): ReLU()
      )
    )
    (flatten_layer): Flatten()
  )
  (token_ln): LayerNorm((64,), eps=1e-05, elementwise_affine=True)
  (attn_res_layers): ModuleList(
    (0-1): 2 x ModuleList(
      (0): SelfAttentionSubLayer(
        (norm): LayerNorm((64,), eps=1e-05, elementwise_affine=True)
        (attn): MultiheadAttention(
          (out_proj): NonDynamicallyQuantizableLinear(in_features=64, out_features=64, bias=True)
        )
      )
      (1): FFNSubLayer(
        (norm): LayerNorm((64,), eps=1e-05, elementwise_affine=True)
        (linear1): Linear(in_features=64, out_features=128, bias=True)
        (linear2): Linear(in_features=128, out_features=64, bias=True)
        (activation): ReLU()
        (dropout): Dropout(p=0.0, inplace=False)
      )
      (2-3): 2 x AttnResLayer(
        (q_proj): Linear(in_features=64, out_features=64, bias=True)
        (k_proj): Linear(in_features=64, out_features=64, bias=True)
        (v_proj): Linear(in_features=64, out_features=64, bias=True)
        (out_proj): Linear(in_features=64, out_features=64, bias=True)
      )
    )
  )
  (visual_seq_append_fcs): Sequential(
    (0): Linear(in_features=128, out_features=256, bias=True)
    (1): ReLU()
    (2): Linear(in_features=256, out_features=256, bias=True)
    (3): ReLU()
    (4): Linear(in_features=256, out_features=1, bias=True)
  )
)
Best Saved: 529.48564,  EPoch: 0
2026-08-12 23:10:00,943 MainThread INFO: EPOCH:0
2026-08-12 23:10:00,943 MainThread INFO: Time Consumed:73.19961166381836s
2026-08-12 23:10:00,943 MainThread INFO: Total Frames:16384s
NaN or Inf found in input tensor.
/home/manas/miniforge3/envs/resloco/lib/python3.12/multiprocessing/resource_tracker.py:224: UserWarning: resource_tracker: There appear to be 3 leaked semaphore objects to clean up at shutdown
  warnings.warn('resource_tracker: There appear to be %d '
